R --slave --no-save --no-restore --no-environ --silent --args block1 < Assemble.r
R --slave --no-save --no-restore --no-environ --silent --args block2 < Assemble.r
R --slave --no-save --no-restore --no-environ --silent --args block3 < Assemble.r
R --slave --no-save --no-restore --no-environ --silent --args block4 < Assemble.r
R --slave --no-save --no-restore --no-environ --silent --args block5 < Assemble.r
R --slave --no-save --no-restore --no-environ --silent --args block6 < Assemble.r
R --slave --no-save --no-restore --no-environ --silent --args block7 < Assemble.r
R --slave --no-save --no-restore --no-environ --silent --args block8 < Assemble.r
R --slave --no-save --no-restore --no-environ --silent --args block9 < Assemble.r
R --slave --no-save --no-restore --no-environ --silent --args block10 < Assemble.r
R --slave --no-save --no-restore --no-environ --silent --args block11 < Assemble.r
R --slave --no-save --no-restore --no-environ --silent --args block12 < Assemble.r
R --slave --no-save --no-restore --no-environ --silent --args block13 < Assemble.r
R --slave --no-save --no-restore --no-environ --silent --args block14 < Assemble.r
R --slave --no-save --no-restore --no-environ --silent --args block15 < Assemble.r
R --slave --no-save --no-restore --no-environ --silent --args block16 < Assemble.r
R --slave --no-save --no-restore --no-environ --silent --args block17 < Assemble.r
R --slave --no-save --no-restore --no-environ --silent --args block18 < Assemble.r
R --slave --no-save --no-restore --no-environ --silent --args block19 < Assemble.r
R --slave --no-save --no-restore --no-environ --silent --args block20 < Assemble.r
R --slave --no-save --no-restore --no-environ --silent --args block21 < Assemble.r
R --slave --no-save --no-restore --no-environ --silent --args block22 < Assemble.r
R --slave --no-save --no-restore --no-environ --silent --args block23 < Assemble.r
R --slave --no-save --no-restore --no-environ --silent --args block24 < Assemble.r
R --slave --no-save --no-restore --no-environ --silent --args block25 < Assemble.r
R --slave --no-save --no-restore --no-environ --silent --args block26 < Assemble.r
R --slave --no-save --no-restore --no-environ --silent --args block27 < Assemble.r
R --slave --no-save --no-restore --no-environ --silent --args block28 < Assemble.r
R --slave --no-save --no-restore --no-environ --silent --args block29 < Assemble.r
R --slave --no-save --no-restore --no-environ --silent --args block30 < Assemble.r
R --slave --no-save --no-restore --no-environ --silent --args block31 < Assemble.r
R --slave --no-save --no-restore --no-environ --silent --args block32 < Assemble.r
R --slave --no-save --no-restore --no-environ --silent --args block33 < Assemble.r
R --slave --no-save --no-restore --no-environ --silent --args block34 < Assemble.r
R --slave --no-save --no-restore --no-environ --silent --args block35 < Assemble.r
R --slave --no-save --no-restore --no-environ --silent --args block36 < Assemble.r
R --slave --no-save --no-restore --no-environ --silent --args block37 < Assemble.r
R --slave --no-save --no-restore --no-environ --silent --args block38 < Assemble.r
R --slave --no-save --no-restore --no-environ --silent --args block39 < Assemble.r
R --slave --no-save --no-restore --no-environ --silent --args block40 < Assemble.r
R --slave --no-save --no-restore --no-environ --silent --args block41 < Assemble.r
R --slave --no-save --no-restore --no-environ --silent --args block42 < Assemble.r
R --slave --no-save --no-restore --no-environ --silent --args block43 < Assemble.r
R --slave --no-save --no-restore --no-environ --silent --args block44 < Assemble.r
R --slave --no-save --no-restore --no-environ --silent --args block45 < Assemble.r
R --slave --no-save --no-restore --no-environ --silent --args block46 < Assemble.r
R --slave --no-save --no-restore --no-environ --silent --args block47 < Assemble.r
R --slave --no-save --no-restore --no-environ --silent --args block48 < Assemble.r
R --slave --no-save --no-restore --no-environ --silent --args block49 < Assemble.r
R --slave --no-save --no-restore --no-environ --silent --args block50 < Assemble.r
R --slave --no-save --no-restore --no-environ --silent --args block51 < Assemble.r
R --slave --no-save --no-restore --no-environ --silent --args block52 < Assemble.r
R --slave --no-save --no-restore --no-environ --silent --args block53 < Assemble.r
R --slave --no-save --no-restore --no-environ --silent --args block54 < Assemble.r
R --slave --no-save --no-restore --no-environ --silent --args block55 < Assemble.r
R --slave --no-save --no-restore --no-environ --silent --args block56 < Assemble.r
R --slave --no-save --no-restore --no-environ --silent --args block57 < Assemble.r
R --slave --no-save --no-restore --no-environ --silent --args block58 < Assemble.r
R --slave --no-save --no-restore --no-environ --silent --args block59 < Assemble.r
R --slave --no-save --no-restore --no-environ --silent --args block60 < Assemble.r
R --slave --no-save --no-restore --no-environ --silent --args block61 < Assemble.r
R --slave --no-save --no-restore --no-environ --silent --args block62 < Assemble.r
R --slave --no-save --no-restore --no-environ --silent --args block63 < Assemble.r
R --slave --no-save --no-restore --no-environ --silent --args block64 < Assemble.r
