R --slave --no-save --no-restore --no-environ --silent --args block1 < PC-SNP.r
R --slave --no-save --no-restore --no-environ --silent --args block2 < PC-SNP.r
R --slave --no-save --no-restore --no-environ --silent --args block3 < PC-SNP.r
R --slave --no-save --no-restore --no-environ --silent --args block4 < PC-SNP.r
R --slave --no-save --no-restore --no-environ --silent --args block5 < PC-SNP.r
R --slave --no-save --no-restore --no-environ --silent --args block6 < PC-SNP.r
R --slave --no-save --no-restore --no-environ --silent --args block7 < PC-SNP.r
R --slave --no-save --no-restore --no-environ --silent --args block8 < PC-SNP.r
R --slave --no-save --no-restore --no-environ --silent --args block9 < PC-SNP.r
R --slave --no-save --no-restore --no-environ --silent --args block10 < PC-SNP.r
R --slave --no-save --no-restore --no-environ --silent --args block11 < PC-SNP.r
R --slave --no-save --no-restore --no-environ --silent --args block12 < PC-SNP.r
R --slave --no-save --no-restore --no-environ --silent --args block13 < PC-SNP.r
R --slave --no-save --no-restore --no-environ --silent --args block14 < PC-SNP.r
R --slave --no-save --no-restore --no-environ --silent --args block15 < PC-SNP.r
R --slave --no-save --no-restore --no-environ --silent --args block16 < PC-SNP.r
R --slave --no-save --no-restore --no-environ --silent --args block17 < PC-SNP.r
R --slave --no-save --no-restore --no-environ --silent --args block18 < PC-SNP.r
R --slave --no-save --no-restore --no-environ --silent --args block19 < PC-SNP.r
R --slave --no-save --no-restore --no-environ --silent --args block20 < PC-SNP.r
R --slave --no-save --no-restore --no-environ --silent --args block21 < PC-SNP.r
R --slave --no-save --no-restore --no-environ --silent --args block22 < PC-SNP.r
R --slave --no-save --no-restore --no-environ --silent --args block23 < PC-SNP.r
R --slave --no-save --no-restore --no-environ --silent --args block24 < PC-SNP.r
R --slave --no-save --no-restore --no-environ --silent --args block25 < PC-SNP.r
R --slave --no-save --no-restore --no-environ --silent --args block26 < PC-SNP.r
R --slave --no-save --no-restore --no-environ --silent --args block27 < PC-SNP.r
R --slave --no-save --no-restore --no-environ --silent --args block28 < PC-SNP.r
R --slave --no-save --no-restore --no-environ --silent --args block29 < PC-SNP.r
R --slave --no-save --no-restore --no-environ --silent --args block30 < PC-SNP.r
R --slave --no-save --no-restore --no-environ --silent --args block31 < PC-SNP.r
R --slave --no-save --no-restore --no-environ --silent --args block32 < PC-SNP.r
R --slave --no-save --no-restore --no-environ --silent --args block33 < PC-SNP.r
R --slave --no-save --no-restore --no-environ --silent --args block34 < PC-SNP.r
R --slave --no-save --no-restore --no-environ --silent --args block35 < PC-SNP.r
R --slave --no-save --no-restore --no-environ --silent --args block36 < PC-SNP.r
R --slave --no-save --no-restore --no-environ --silent --args block37 < PC-SNP.r
R --slave --no-save --no-restore --no-environ --silent --args block38 < PC-SNP.r
R --slave --no-save --no-restore --no-environ --silent --args block39 < PC-SNP.r
R --slave --no-save --no-restore --no-environ --silent --args block40 < PC-SNP.r
R --slave --no-save --no-restore --no-environ --silent --args block41 < PC-SNP.r
R --slave --no-save --no-restore --no-environ --silent --args block42 < PC-SNP.r
R --slave --no-save --no-restore --no-environ --silent --args block43 < PC-SNP.r
R --slave --no-save --no-restore --no-environ --silent --args block44 < PC-SNP.r
R --slave --no-save --no-restore --no-environ --silent --args block45 < PC-SNP.r
R --slave --no-save --no-restore --no-environ --silent --args block46 < PC-SNP.r
R --slave --no-save --no-restore --no-environ --silent --args block47 < PC-SNP.r
R --slave --no-save --no-restore --no-environ --silent --args block48 < PC-SNP.r
R --slave --no-save --no-restore --no-environ --silent --args block49 < PC-SNP.r
R --slave --no-save --no-restore --no-environ --silent --args block50 < PC-SNP.r
R --slave --no-save --no-restore --no-environ --silent --args block51 < PC-SNP.r
R --slave --no-save --no-restore --no-environ --silent --args block52 < PC-SNP.r
R --slave --no-save --no-restore --no-environ --silent --args block53 < PC-SNP.r
R --slave --no-save --no-restore --no-environ --silent --args block54 < PC-SNP.r
R --slave --no-save --no-restore --no-environ --silent --args block55 < PC-SNP.r
R --slave --no-save --no-restore --no-environ --silent --args block56 < PC-SNP.r
R --slave --no-save --no-restore --no-environ --silent --args block57 < PC-SNP.r
R --slave --no-save --no-restore --no-environ --silent --args block58 < PC-SNP.r
R --slave --no-save --no-restore --no-environ --silent --args block59 < PC-SNP.r
R --slave --no-save --no-restore --no-environ --silent --args block60 < PC-SNP.r
R --slave --no-save --no-restore --no-environ --silent --args block61 < PC-SNP.r
R --slave --no-save --no-restore --no-environ --silent --args block62 < PC-SNP.r
R --slave --no-save --no-restore --no-environ --silent --args block63 < PC-SNP.r
R --slave --no-save --no-restore --no-environ --silent --args block64 < PC-SNP.r
